
PS C:\AllianzBatch4> git init
Reinitialized existing Git repository in C:/AllianzBatch4/.git/
PS C:\AllianzBatch4> git add .
PS C:\AllianzBatch4> git commit
hint: Waiting for your editor to close the file... error: There was a problem with the editor 'vi'.
Please supply the message using either -m or -F option.
PS C:\AllianzBatch4> git commit "update1"
error: pathspec 'update1' did not match any file(s) known to git
PS C:\AllianzBatch4> git commit -m "updated1"
[master (root-commit) 1ea0ebe] updated1
 1 file changed, 2 insertions(+)
 create mode 100644 Test1.txt
PS C:\AllianzBatch4> git status
On branch master
nothing to commit, working tree clean
PS C:\AllianzBatch4> git log
commit 1ea0ebed9c90b1f4a484ad00b3a9458d837e17a8 (HEAD -> master)
Author: Kailas Jadhav <kailasjadhav63@gmail.com>
Date:   Sun Dec 1 22:59:00 2024 -0800

    updated1
PS C:\AllianzBatch4> git brance
git: 'brance' is not a git command. See 'git --help'.

The most similar command is
        branch
PS C:\AllianzBatch4> git branch
* master
PS C:\AllianzBatch4> git checkout master2
error: pathspec 'master2' did not match any file(s) known to git
PS C:\AllianzBatch4> git chekout branch master2
git: 'chekout' is not a git command. See 'git --help'.

The most similar command is
        checkout
PS C:\AllianzBatch4> git branch master2        
PS C:\AllianzBatch4> git status
On branch master
nothing to commit, working tree clean
PS C:\AllianzBatch4> git log
commit 1ea0ebed9c90b1f4a484ad00b3a9458d837e17a8 (HEAD -> master, master2)
Author: Kailas Jadhav <kailasjadhav63@gmail.com>
Date:   Sun Dec 1 22:59:00 2024 -0800

    updated1
PS C:\AllianzBatch4> git checkout branch master2
error: pathspec 'branch' did not match any file(s) known to git
error: pathspec 'master2' did not match any file(s) known to git
PS C:\AllianzBatch4> git --help                 
usage: git [-v | --version] [-h | --help] [-C <path>] [-c <name>=<value>]
           [--exec-path[=<path>]] [--html-path] [--man-path] [--info-path]
           [-p | --paginate | -P | --no-pager] [--no-replace-objects] [--bare]
           [--git-dir=<path>] [--work-tree=<path>] [--namespace=<name>]
           [--config-env=<name>=<envvar>] <command> [<args>]

These are common Git commands used in various situations:

start a working area (see also: git help tutorial)
   clone     Clone a repository into a new directory
   init      Create an empty Git repository or reinitialize an existing one

work on the current change (see also: git help everyday)
   add       Add file contents to the index
   mv        Move or rename a file, a directory, or a symlink
   restore   Restore working tree files
   rm        Remove files from the working tree and from the index

examine the history and state (see also: git help revisions)
   bisect    Use binary search to find the commit that introduced a bug
   diff      Show changes between commits, commit and working tree, etc
   grep      Print lines matching a pattern
   log       Show commit logs
   show      Show various types of objects

grow, mark and tweak your common history
   branch    List, create, or delete branches
   commit    Record changes to the repository
   merge     Join two or more development histories together
   rebase    Reapply commits on top of another base tip
   reset     Reset current HEAD to the specified state
   switch    Switch branches
   tag       Create, list, delete or verify a tag object signed with GPG

collaborate (see also: git help workflows)
   fetch     Download objects and refs from another repository
   pull      Fetch from and integrate with another repository or a local branch
   push      Update remote refs along with associated objects

'git help -a' and 'git help -g' list available subcommands and some
concept guides. See 'git help <command>' or 'git help <concept>'
to read about a specific subcommand or concept.
See 'git help git' for an overview of the system.
PS C:\AllianzBatch4> git branch
* master
  master2
PS C:\AllianzBatch4> git remote add origin https://github.com/kailasjadhav63/Allianzbatch4.git
PS C:\AllianzBatch4> git push -u origin master
info: please complete authentication in your browser...
Enumerating objects: 3, done.
Counting objects: 100% (3/3), done.
Writing objects: 100% (3/3), 251 bytes | 251.00 KiB/s, done.
Total 3 (delta 0), reused 0 (delta 0), pack-reused 0
To https://github.com/kailasjadhav63/Allianzbatch4.git
 * [new branch]      master -> master
branch 'master' set up to track 'origin/master'.
PS C:\AllianzBatch4> 
